검사 대상: 글 168편 · 고유 링크 918개
(같은 링크가 여러 글에 쓰이므로 중복을 제거했다)

  ... 50/918 확인
  ... 100/918 확인
  ... 150/918 확인
  ... 200/918 확인
  ... 250/918 확인
  ... 300/918 확인
  ... 350/918 확인
  ... 400/918 확인
  ... 450/918 확인
  ... 500/918 확인
  ... 550/918 확인
  ... 600/918 확인
  ... 650/918 확인
  ... 700/918 확인
  ... 750/918 확인
  ... 800/918 확인
  ... 850/918 확인
  ... 900/918 확인
==================================================================
🔀 이전된 링크 42개 (리다이렉트 — 최종 주소로 갱신 권장)
  [official] https://100lifeplan.fss.or.kr -> 200
      쓰인 글: B3-04 퇴직연금 IRP 연금 수령 방법 연금소득세 일시금 세금 비교 총정리 
  [external] http://www.megabox.co.kr -> 200
      쓰인 글: D4-05 영화 호프 예매 방법 상영관 IMAX 돌비시네마 스크린X 4DX 총정
  [official] https://0404.go.kr/ -> 200
      쓰인 글: F1-07 미국 ESTA 신청 방법 수수료 유효기간 승인 거부 사유 총정리 (2
  [external] http://place.map.kakao.com/11270346 -> 200
      쓰인 글: G4-01 2026 초복 중복 말복 날짜 삼계탕 보양식 가격 절약 총정리 (월복
  [external] http://place.map.kakao.com/18771219 -> 200
      쓰인 글: G4-01 2026 초복 중복 말복 날짜 삼계탕 보양식 가격 절약 총정리 (월복
  [external] http://place.map.kakao.com/26545925 -> 200
      쓰인 글: G4-01 2026 초복 중복 말복 날짜 삼계탕 보양식 가격 절약 총정리 (월복
  [official] https://finlife.fss.or.kr -> 200
      쓰인 글: B2-06 주택담보대출 갈아타기 대환대출 신청 방법 조건 총정리 (2026 아파
  [official] https://ips.go.kr -> 200
      쓰인 글: A1-02 고유가 피해지원금 2차 신청 대상 금액 사용처 총정리
      쓰인 글: A2-01 보조금24 정부지원금 조회 신청 방법 총정리 (내가 받을 돈 찾기)
  [official] https://korean.visitkorea.or.kr -> 200
      쓰인 글: F4-03 전국 지역축제 일정 찾는 방법 계절별 가이드 총정리
  [official] https://minwon24.police.go.kr -> 200
      쓰인 글: D2-08 고령운전자 운전면허 자진반납 지원금 신청 방법 대상 금액 총정리 (2
  [official] https://nip.kdca.go.kr -> 200
      구형 TLS 로만 접속됨
      쓰인 글: C2-02 대상포진 예방접종 비용 싱그릭스 조스타박스 지원 총정리 (2026)
      쓰인 글: G1-01 부산진구 보건소 무료검진 예방접종 진료 안내 총정리 (범천동)
  [external] https://tickets.interpark.com -> 200
      쓰인 글: D4-04 프로야구 티켓 예매 방법 구단별 예매처 취소 환불 총정리 (2026 
  [official] https://vacation.visitkorea.or.kr -> 200
      쓰인 글: G3-01 근로자 휴가지원사업 신청 방법 대상 지원금액 총정리 (2026 40만
  [official] https://unipass.customs.go.kr/csp/persIndex.do -> 200
      쓰인 글: D4-06 해외직구 관세 목록통관 150달러 기준 개인통관고유부호 갱신 총정리 
  [external] https://www.airport.kr/ap/ko/dep/rstrtItemFaqList.do -> 200
      쓰인 글: F1-08 보조배터리 기내 반입 규정 총정리 — 1인 2개 제한·160Wh·기내
  [external] https://www.airpremia.com/a/customer/notice -> 200
      쓰인 글: F3-06 여름 항공권 싸게 사는 법 + 유류할증료 총정리 (2026년 8월 국
  [official] https://www.bokjiro.go.kr -> 200
      쓰인 글: A1-10 한부모가족 지원 아동양육비 신청 방법 소득기준 지원 대상 총정리 (2
      쓰인 글: A2-03 기초생활수급자 생계급여 조건 소득인정액 금액 신청 방법 총정리 (20
      쓰인 글: A2-07 아이돌봄서비스 정부지원 신청 방법 자격 이용요금 총정리 (2026 여
      쓰인 글: A3-06 장애인연금 신청 방법 자격 소득기준 지급액 총정리 (2026 월 최대
      ... 외 6편
  [official] https://www.bokjiro.go.kr/ -> 200
      쓰인 글: C1-10 재난적의료비 지원사업 신청 방법 대상 소득기준 지원금액 총정리 (20
  [official] https://www.bokjiro.go.kr/ssis-teh/twataa/wlfareInfo/moveTWAT52011M.do -> 200
      쓰인 글: A3-06 장애인연금 신청 방법 자격 소득기준 지급액 총정리 (2026 월 최대
  [official] https://www.cancer.go.kr -> 200
      쓰인 글: C2-07 국가암검진 대상 무료 검진 항목 6대암 주기 총정리 (2026)
  [official] https://www.childcare.go.kr -> 200
      쓰인 글: G2-01 양산시 출산 지원금 첫만남이용권 부모급여 출산장려금 총정리 (2026
  [official] https://www.busan.go.kr/moca -> 200
      쓰인 글: G3-03 부산 미술관 전시 관람 가이드 (시립 현대미술관 관람료 시간 주차 총
  [external] https://www.f1963.org -> 200
      쓰인 글: G3-03 부산 미술관 전시 관람 가이드 (시립 현대미술관 관람료 시간 주차 총
  [official] https://www.fbo.or.kr -> 200
      쓰인 글: A3-05 농지연금 가입조건 수령액 신청 방법 총정리 (만 60세부터)
  [official] https://www.fss.or.kr -> 200
      쓰인 글: B2-06 주택담보대출 갈아타기 대환대출 신청 방법 조건 총정리 (2026 아파
      쓰인 글: B3-02 연금저축 IRP 세액공제 한도 900만원 연말정산 환급 총정리 (20
  [official] https://www.fsc.go.kr -> 200
      쓰인 글: A4-05 새도약기금 대상 확인 방법 원금감면 소각 총정리 (2026 7년 이상
      쓰인 글: B2-06 주택담보대출 갈아타기 대환대출 신청 방법 조건 총정리 (2026 아파
      쓰인 글: C3-03 5세대 실손보험 전환 유불리 4세대 차이 철회 총정리 (2026)
  [external] https://www.gov.kr/portal/rcvfvrSvc/main -> 200
      쓰인 글: A2-01 보조금24 정부지원금 조회 신청 방법 총정리 (내가 받을 돈 찾기)
  [official] https://www.hf.go.kr -> 200
      쓰인 글: B3-01 주택연금 가입조건 수령액 신청 방법 총정리 (55세부터)
      쓰인 글: D3-04 전세보증금 반환보증 가입 방법 보증료 HUG HF SGI 조건 총정리
  [official] https://www.kamis.or.kr -> 200
      쓰인 글: G4-01 2026 초복 중복 말복 날짜 삼계탕 보양식 가격 절약 총정리 (월복
      쓰인 글: G4-02 7월 제철 과일 수산물 총정리 (수박 복숭아 민어 전복)
  [official] https://www.hrd.go.kr -> 200
      쓰인 글: A1-06 국민내일배움카드 신청 방법 발급 자격 지원금액 총정리 (2026)
  [external] https://www.lllcard.kr/ -> 200
      쓰인 글: A2-04 평생교육바우처 신청 방법 대상 금액 사용처 총정리 (2026 평생교육
  [official] https://www.mfds.go.kr -> 200
      쓰인 글: C2-04 여름철 식중독 예방 6대 수칙 + 음식 보관 온도 증상 대처 총정리 
  [official] https://www.nile.or.kr/ -> 200
      쓰인 글: A2-04 평생교육바우처 신청 방법 대상 금액 사용처 총정리 (2026 평생교육
  [official] https://www.nps.or.kr -> 200
      쓰인 글: A3-03 국민연금 추납 임의가입 방법 못 낸 기간 채워 수령액 늘리기 총정리 
      쓰인 글: A3-04 국민연금 조기노령연금 연기연금 신청 방법 감액률 증액률 손익분기 총정
      쓰인 글: A3-07 국민연금 임의계속가입 조건 보험료 신청 방법 손익 총정리 (2026 
      쓰인 글: A3-08 국민연금 분할연금 신청 방법 자격 이혼 배우자 수령액 총정리 (202
  [official] https://www.nid.or.kr -> 200
      쓰인 글: C2-05 치매 무료 조기검진 검사비 지원 치매안심센터 신청 방법 총정리 (20
  [official] https://www.safekorea.go.kr/idsiSFK/neo/sfk/cs/contents/prevent/SDIJK13928.html?cd1=28&cd2=999&pagecd=SDIJK139.28&menuSeq=128 -> 200
      쓰인 글: F4-06 여름 계곡·하천 물놀이 안전수칙 안전사고 대처 신고 방법 총정리 (2
  [official] https://www.smartchoice.or.kr -> 200
      쓰인 글: E1-01 알뜰폰 요금제 비교 추천 가입 방법 총정리 (통신비 절약)
  [external] https://www.visitbusan.net -> 200
      쓰인 글: G3-02 부산 송정해수욕장 여행 서핑 해변열차 주차 총정리 (2026 개장)
      쓰인 글: G3-03 부산 미술관 전시 관람 가이드 (시립 현대미술관 관람료 시간 주차 총
  [official] https://www.weather.go.kr -> 200
      쓰인 글: D3-03 장마 태풍 대비 행동요령 침수 대피 비상용품 가정 체크리스트 총정리 
  [external] https://www.visitjeju.net -> 200
      쓰인 글: F2-08 제주 렌터카 싸게 예약하는 법 + 공항 픽업·자차보험(완전/슈퍼자차)
  ... 외 2건

🚧 차단 응답 6개 (401/403/429 — 봇 차단일 가능성이 높다, 직접 확인)
  [external] https://flyairseoul.com -> 403
      쓰인 글: F2-11 국내선 LCC 수하물 규정 총정리 — 무료 위탁·기내 반입·초과 추가
  [external] https://www.airbusan.com/content/common/service/baggage/free -> 403
      쓰인 글: F2-11 국내선 LCC 수하물 규정 총정리 — 무료 위탁·기내 반입·초과 추가
  [official] https://www.idolbom.go.kr -> 429
      쓰인 글: A2-07 아이돌봄서비스 정부지원 신청 방법 자격 이용요금 총정리 (2026 여
  [external] https://www.jinair.com/ready/carryBaggage -> 403
      쓰인 글: F2-11 국내선 LCC 수하물 규정 총정리 — 무료 위탁·기내 반입·초과 추가
  [external] https://www.koreanair.com/contents/footer/customer-support/notice -> 403
      쓰인 글: F3-06 여름 항공권 싸게 사는 법 + 유류할증료 총정리 (2026년 8월 국
  [external] https://www.koreanair.com/contents/plan-your-travel/special-assistance/travel-with-pets/guide -> 403
      쓰인 글: F4-07 반려동물 동반 국내 여행 체크리스트 항공기 KTX 반입규정 펜션예약 

❓ 확인 실패 9개 (DNS·타임아웃 등)
  [external] https://www.cyberts.kr
      RemoteDisconnected: Remote end closed connection without response
      쓰인 글: D2-05 자동차 정기검사 예약 방법 비용 과태료 주기 총정리 (사이버검사소)
  [official] https://www.haeundae.go.kr
      TimeoutError: The read operation timed out
      쓰인 글: G3-02 부산 송정해수욕장 여행 서핑 해변열차 주차 총정리 (2026 개장)
  [official] https://www.kinfa.or.kr
      URLError: <urlopen error timed out>
      쓰인 글: B2-05 2026 햇살론 종류 조건 한도 금리 신청 방법 총정리 (일반·특례·
  [official] https://www.knia.or.kr
      URLError: <urlopen error timed out>
      쓰인 글: C3-03 5세대 실손보험 전환 유불리 4세대 차이 철회 총정리 (2026)
      쓰인 글: D2-06 자동차보험 갱신 비교 방법 다이렉트 할인특약 총정리 (2026 인상)
      쓰인 글: D2-07 자동차 침수 대처 방법 자차보험 처리 침수 전손 폐차 환급 총정리 (
  [official] https://www.kinfa.or.kr/financialProduct/employeeHessalLoan.do
      URLError: <urlopen error timed out>
      쓰인 글: B2-05 2026 햇살론 종류 조건 한도 금리 신청 방법 총정리 (일반·특례·
  [official] https://www.kua.go.kr
      URLError: <urlopen error timed out>
      쓰인 글: A5-03 국민취업지원제도 구직촉진수당 신청 방법 자격 총정리 (2026)
  [official] https://www.scourt.go.kr
      URLError: <urlopen error timed out>
      쓰인 글: D1-04 상속포기 한정승인 차이 신청 방법 기간 서류 총정리 (2026 3개월
  [official] https://www.work24.go.kr
      URLError: <urlopen error timed out>
      쓰인 글: A1-06 국민내일배움카드 신청 방법 발급 자격 지원금액 총정리 (2026)
      쓰인 글: A5-01 실업급여 신청 방법 조건 지급액 한 번에 총정리
      쓰인 글: A5-03 국민취업지원제도 구직촉진수당 신청 방법 자격 총정리 (2026)
      쓰인 글: A5-05 일손부족일자리 동행 인센티브 신청 방법 대상 50~64세 360만 원
  [external] https://help.instagram.com -> 400
      쓰인 글: E2-03 인스타그램 계정 삭제 비활성화 방법 차이점 총정리

------------------------------------------------------------------
정상 903 · 이전 42 · 죽음 0 · 차단 6 · 서버오류 0 · SSL실패 0 · 확인실패 9
✅ 확실히 죽은 링크는 없다.

본문이 실제로 참조하는 썸네일 167개
  발행 대기 큐가 예약한 썸네일 4개는 제외했다
  본문 어디에서도 참조되지 않는 저장소 썸네일: 7개
    - 134_ev_subsidy.png
    - 135_senior_vaccine.png
    - 136_maternity_voucher.png
    - 137_housing_benefit.png
    - 138_disability_activity.png
    - 139_personal_rehab.png
    - 15_property.png
  (전수 검사 기준 — 이 목록은 삭제해도 발행된 글의 이미지가 깨지지 않는다)
